// Jest Snapshot v1, https://goo.gl/fbAQLP

exports[`Test Atom Grid Snapshot to component 1`] = `
<div>
  <div
    class="card"
  >
    <img
      alt="Nuevo Gif"
      src="https://www.adslzone.net/app/uploads-adslzone.net/2019/04/borrar-fondo-imagen.jpg"
    />
    <p>
      Nuevo Gif
    </p>
  </div>
</div>
`;
